// Jest Snapshot v1, https://goo.gl/fbAQLP

exports[`CardContainer should match the snapshot with data passed in correctly 1`] = `
ShallowWrapper {
  Symbol(enzyme.__root__): [Circular],
  Symbol(enzyme.__unrendered__): <CardContainer
    compareDistrictAverages={[Function]}
    data={
        Array [
            Object {
              "location": "COLORADO",
              "stats": Object {
                "2005": 0.5,
              },
            },
          ]
    }
    selectCard={[Function]}
    selectedCards={
        Array [
            Object {
              "location": "COLORADO SPRINGS",
              "stats": Object {
                "2005": 0.4,
              },
            },
          ]
    }
/>,
  Symbol(enzyme.__renderer__): Object {
    "batchedUpdates": [Function],
    "getNode": [Function],
    "render": [Function],
    "simulateError": [Function],
    "simulateEvent": [Function],
    "unmount": [Function],
  },
  Symbol(enzyme.__node__): Object {
    "instance": null,
    "key": undefined,
    "nodeType": "host",
    "props": Object {
      "children": Array [
        <div
          className="compare"
>
          <Card
                    district={
                              Object {
                                        "location": "COLORADO SPRINGS",
                                        "stats": Object {
                                          "2005": 0.4,
                                        },
                                      }
                    }
                    selectCard={[Function]}
          />
</div>,
        <div
          className="all-cards"
>
          <Card
                    district={
                              Object {
                                        "location": "COLORADO",
                                        "stats": Object {
                                          "2005": 0.5,
                                        },
                                      }
                    }
                    selectCard={[Function]}
          />
</div>,
      ],
      "className": "card-container",
    },
    "ref": null,
    "rendered": Array [
      Object {
        "instance": null,
        "key": undefined,
        "nodeType": "host",
        "props": Object {
          "children": Array [
            <Card
              district={
                            Object {
                                          "location": "COLORADO SPRINGS",
                                          "stats": Object {
                                            "2005": 0.4,
                                          },
                                        }
              }
              selectCard={[Function]}
/>,
          ],
          "className": "compare",
        },
        "ref": null,
        "rendered": Array [
          Object {
            "instance": null,
            "key": "0",
            "nodeType": "function",
            "props": Object {
              "district": Object {
                "location": "COLORADO SPRINGS",
                "stats": Object {
                  "2005": 0.4,
                },
              },
              "selectCard": [Function],
            },
            "ref": null,
            "rendered": null,
            "type": [Function],
          },
        ],
        "type": "div",
      },
      Object {
        "instance": null,
        "key": undefined,
        "nodeType": "host",
        "props": Object {
          "children": Array [
            <Card
              district={
                            Object {
                                          "location": "COLORADO",
                                          "stats": Object {
                                            "2005": 0.5,
                                          },
                                        }
              }
              selectCard={[Function]}
/>,
          ],
          "className": "all-cards",
        },
        "ref": null,
        "rendered": Array [
          Object {
            "instance": null,
            "key": "0",
            "nodeType": "function",
            "props": Object {
              "district": Object {
                "location": "COLORADO",
                "stats": Object {
                  "2005": 0.5,
                },
              },
              "selectCard": [Function],
            },
            "ref": null,
            "rendered": null,
            "type": [Function],
          },
        ],
        "type": "div",
      },
    ],
    "type": "div",
  },
  Symbol(enzyme.__nodes__): Array [
    Object {
      "instance": null,
      "key": undefined,
      "nodeType": "host",
      "props": Object {
        "children": Array [
          <div
            className="compare"
>
            <Card
                        district={
                                    Object {
                                                "location": "COLORADO SPRINGS",
                                                "stats": Object {
                                                  "2005": 0.4,
                                                },
                                              }
                        }
                        selectCard={[Function]}
            />
</div>,
          <div
            className="all-cards"
>
            <Card
                        district={
                                    Object {
                                                "location": "COLORADO",
                                                "stats": Object {
                                                  "2005": 0.5,
                                                },
                                              }
                        }
                        selectCard={[Function]}
            />
</div>,
        ],
        "className": "card-container",
      },
      "ref": null,
      "rendered": Array [
        Object {
          "instance": null,
          "key": undefined,
          "nodeType": "host",
          "props": Object {
            "children": Array [
              <Card
                district={
                                Object {
                                                "location": "COLORADO SPRINGS",
                                                "stats": Object {
                                                  "2005": 0.4,
                                                },
                                              }
                }
                selectCard={[Function]}
/>,
            ],
            "className": "compare",
          },
          "ref": null,
          "rendered": Array [
            Object {
              "instance": null,
              "key": "0",
              "nodeType": "function",
              "props": Object {
                "district": Object {
                  "location": "COLORADO SPRINGS",
                  "stats": Object {
                    "2005": 0.4,
                  },
                },
                "selectCard": [Function],
              },
              "ref": null,
              "rendered": null,
              "type": [Function],
            },
          ],
          "type": "div",
        },
        Object {
          "instance": null,
          "key": undefined,
          "nodeType": "host",
          "props": Object {
            "children": Array [
              <Card
                district={
                                Object {
                                                "location": "COLORADO",
                                                "stats": Object {
                                                  "2005": 0.5,
                                                },
                                              }
                }
                selectCard={[Function]}
/>,
            ],
            "className": "all-cards",
          },
          "ref": null,
          "rendered": Array [
            Object {
              "instance": null,
              "key": "0",
              "nodeType": "function",
              "props": Object {
                "district": Object {
                  "location": "COLORADO",
                  "stats": Object {
                    "2005": 0.5,
                  },
                },
                "selectCard": [Function],
              },
              "ref": null,
              "rendered": null,
              "type": [Function],
            },
          ],
          "type": "div",
        },
      ],
      "type": "div",
    },
  ],
  Symbol(enzyme.__options__): Object {
    "adapter": ReactSixteenAdapter {
      "options": Object {
        "enableComponentDidUpdateOnSetState": true,
        "lifecycles": Object {
          "componentDidUpdate": Object {
            "onSetState": true,
          },
          "getDerivedStateFromProps": true,
          "getSnapshotBeforeUpdate": true,
          "setState": Object {
            "skipsComponentDidUpdateOnNullish": true,
          },
        },
      },
    },
  },
}
`;
