// Jest Snapshot v1, https://goo.gl/fbAQLP

exports[`CompareCard should match the snapshot with data passed in correctly 1`] = `
ShallowWrapper {
  Symbol(enzyme.__root__): [Circular],
  Symbol(enzyme.__unrendered__): <CompareCard
    comparedDistricts={1}
    district1="COLORADO"
    district2="COLORADO SPRINGS"
    selectedCards={
        Array [
            Object {
              "location": "COLORADO SPRINGS",
              "stats": Object {
                "2005": 0.4,
              },
            },
            Object {
              "location": "COLORADO",
              "stats": Object {
                "2006": 0.4,
              },
            },
          ]
    }
/>,
  Symbol(enzyme.__renderer__): Object {
    "batchedUpdates": [Function],
    "getNode": [Function],
    "render": [Function],
    "simulateError": [Function],
    "simulateEvent": [Function],
    "unmount": [Function],
  },
  Symbol(enzyme.__node__): Object {
    "instance": null,
    "key": undefined,
    "nodeType": "host",
    "props": Object {
      "children": Array [
        <h3>
          COLORADO
           : 
           
</h3>,
        <h3>
          &lt;--- 
           ---&gt;
</h3>,
        <h3>
          COLORADO SPRINGS
           : 
           
</h3>,
      ],
      "className": "card compare",
    },
    "ref": null,
    "rendered": Array [
      Object {
        "instance": null,
        "key": undefined,
        "nodeType": "host",
        "props": Object {
          "children": Array [
            "COLORADO",
            " : ",
            undefined,
            " ",
          ],
        },
        "ref": null,
        "rendered": Array [
          "COLORADO",
          " : ",
          undefined,
          " ",
        ],
        "type": "h3",
      },
      Object {
        "instance": null,
        "key": undefined,
        "nodeType": "host",
        "props": Object {
          "children": Array [
            "<--- ",
            undefined,
            " --->",
          ],
        },
        "ref": null,
        "rendered": Array [
          "<--- ",
          undefined,
          " --->",
        ],
        "type": "h3",
      },
      Object {
        "instance": null,
        "key": undefined,
        "nodeType": "host",
        "props": Object {
          "children": Array [
            "COLORADO SPRINGS",
            " : ",
            undefined,
            " ",
          ],
        },
        "ref": null,
        "rendered": Array [
          "COLORADO SPRINGS",
          " : ",
          undefined,
          " ",
        ],
        "type": "h3",
      },
    ],
    "type": "div",
  },
  Symbol(enzyme.__nodes__): Array [
    Object {
      "instance": null,
      "key": undefined,
      "nodeType": "host",
      "props": Object {
        "children": Array [
          <h3>
            COLORADO
             : 
             
</h3>,
          <h3>
            &lt;--- 
             ---&gt;
</h3>,
          <h3>
            COLORADO SPRINGS
             : 
             
</h3>,
        ],
        "className": "card compare",
      },
      "ref": null,
      "rendered": Array [
        Object {
          "instance": null,
          "key": undefined,
          "nodeType": "host",
          "props": Object {
            "children": Array [
              "COLORADO",
              " : ",
              undefined,
              " ",
            ],
          },
          "ref": null,
          "rendered": Array [
            "COLORADO",
            " : ",
            undefined,
            " ",
          ],
          "type": "h3",
        },
        Object {
          "instance": null,
          "key": undefined,
          "nodeType": "host",
          "props": Object {
            "children": Array [
              "<--- ",
              undefined,
              " --->",
            ],
          },
          "ref": null,
          "rendered": Array [
            "<--- ",
            undefined,
            " --->",
          ],
          "type": "h3",
        },
        Object {
          "instance": null,
          "key": undefined,
          "nodeType": "host",
          "props": Object {
            "children": Array [
              "COLORADO SPRINGS",
              " : ",
              undefined,
              " ",
            ],
          },
          "ref": null,
          "rendered": Array [
            "COLORADO SPRINGS",
            " : ",
            undefined,
            " ",
          ],
          "type": "h3",
        },
      ],
      "type": "div",
    },
  ],
  Symbol(enzyme.__options__): Object {
    "adapter": ReactSixteenAdapter {
      "options": Object {
        "enableComponentDidUpdateOnSetState": true,
        "lifecycles": Object {
          "componentDidUpdate": Object {
            "onSetState": true,
          },
          "getDerivedStateFromProps": true,
          "getSnapshotBeforeUpdate": true,
          "setState": Object {
            "skipsComponentDidUpdateOnNullish": true,
          },
        },
      },
    },
  },
}
`;
