// Jest Snapshot v1, https://goo.gl/fbAQLP

exports[`BlankCard should match the snapshot with data passed in correctly 1`] = `
ShallowWrapper {
  Symbol(enzyme.__root__): [Circular],
  Symbol(enzyme.__unrendered__): <BlankCard />,
  Symbol(enzyme.__renderer__): Object {
    "batchedUpdates": [Function],
    "getNode": [Function],
    "render": [Function],
    "simulateError": [Function],
    "simulateEvent": [Function],
    "unmount": [Function],
  },
  Symbol(enzyme.__node__): Object {
    "instance": null,
    "key": undefined,
    "nodeType": "host",
    "props": Object {
      "children": Array [
        <h3>
          School District
</h3>,
        <FontAwesomeIcon
          border={false}
          className=""
          fixedWidth={false}
          flip={null}
          icon="apple-alt"
          inverse={false}
          listItem={false}
          mask={null}
          pull={null}
          pulse={false}
          rotation={null}
          size={null}
          spin={false}
          symbol={false}
          title=""
          transform={null}
/>,
      ],
      "className": "card blank",
    },
    "ref": null,
    "rendered": Array [
      Object {
        "instance": null,
        "key": undefined,
        "nodeType": "host",
        "props": Object {
          "children": "School District",
        },
        "ref": null,
        "rendered": "School District",
        "type": "h3",
      },
      Object {
        "instance": null,
        "key": undefined,
        "nodeType": "function",
        "props": Object {
          "border": false,
          "className": "",
          "fixedWidth": false,
          "flip": null,
          "icon": "apple-alt",
          "inverse": false,
          "listItem": false,
          "mask": null,
          "pull": null,
          "pulse": false,
          "rotation": null,
          "size": null,
          "spin": false,
          "symbol": false,
          "title": "",
          "transform": null,
        },
        "ref": null,
        "rendered": null,
        "type": [Function],
      },
    ],
    "type": "div",
  },
  Symbol(enzyme.__nodes__): Array [
    Object {
      "instance": null,
      "key": undefined,
      "nodeType": "host",
      "props": Object {
        "children": Array [
          <h3>
            School District
</h3>,
          <FontAwesomeIcon
            border={false}
            className=""
            fixedWidth={false}
            flip={null}
            icon="apple-alt"
            inverse={false}
            listItem={false}
            mask={null}
            pull={null}
            pulse={false}
            rotation={null}
            size={null}
            spin={false}
            symbol={false}
            title=""
            transform={null}
/>,
        ],
        "className": "card blank",
      },
      "ref": null,
      "rendered": Array [
        Object {
          "instance": null,
          "key": undefined,
          "nodeType": "host",
          "props": Object {
            "children": "School District",
          },
          "ref": null,
          "rendered": "School District",
          "type": "h3",
        },
        Object {
          "instance": null,
          "key": undefined,
          "nodeType": "function",
          "props": Object {
            "border": false,
            "className": "",
            "fixedWidth": false,
            "flip": null,
            "icon": "apple-alt",
            "inverse": false,
            "listItem": false,
            "mask": null,
            "pull": null,
            "pulse": false,
            "rotation": null,
            "size": null,
            "spin": false,
            "symbol": false,
            "title": "",
            "transform": null,
          },
          "ref": null,
          "rendered": null,
          "type": [Function],
        },
      ],
      "type": "div",
    },
  ],
  Symbol(enzyme.__options__): Object {
    "adapter": ReactSixteenAdapter {
      "options": Object {
        "enableComponentDidUpdateOnSetState": true,
        "lifecycles": Object {
          "componentDidUpdate": Object {
            "onSetState": true,
          },
          "getDerivedStateFromProps": true,
          "getSnapshotBeforeUpdate": true,
          "setState": Object {
            "skipsComponentDidUpdateOnNullish": true,
          },
        },
      },
    },
  },
}
`;
